2025/12/11 12:45:45 Starting Chat Service...
2025/12/11 12:45:45 Connected to database at /var/home/student/Downloads/WERG/social-network/social_network.db
2025/12/11 12:45:45 Auth service URL: http://localhost:8081
2025/12/11 12:45:45 Using simple auth cache with 5-minute TTL
2025/12/11 12:45:45 Chat Service starting on port :8085
2025/12/11 12:45:49 [GET] /ws
2025/12/11 12:45:49 [AuthCache] Verifying token with auth service: http://localhost:8081
2025/12/11 12:45:49 [AuthCache] Token verified successfully for user 6 (cm)
2025/12/11 12:45:49 Client registered: user 6
2025/12/11 12:45:49 [GET] /chat/contacts
2025/12/11 12:45:49 [GET] /chat/contacts
2025/12/11 12:45:53 Client unregistered: user 6
2025/12/11 12:46:03 [GET] /ws
2025/12/11 12:46:03 [AuthCache] Verifying token with auth service: http://localhost:8081
2025/12/11 12:46:03 [AuthCache] Token verified successfully for user 1 (manos)
2025/12/11 12:46:03 Client registered: user 1
2025/12/11 12:46:03 [GET] /chat/contacts
2025/12/11 12:46:03 [GET] /chat/contacts
2025/12/11 12:48:20 Client unregistered: user 1
2025/12/11 12:48:20 [GET] /ws
2025/12/11 12:48:20 Client registered: user 1
2025/12/11 12:48:20 [GET] /chat/contacts
2025/12/11 12:48:20 [GET] /chat/contacts
2025/12/11 12:50:14 [GET] /ws
2025/12/11 12:50:14 [AuthCache] Verifying token with auth service: http://localhost:8081
2025/12/11 12:50:14 [AuthCache] Token verified successfully for user 6 (cm)
2025/12/11 12:50:14 Client registered: user 6
2025/12/11 12:50:14 [GET] /chat/contacts
2025/12/11 12:50:14 [GET] /chat/contacts
2025/12/11 12:50:21 Client unregistered: user 1
2025/12/11 12:50:21 [GET] /ws
2025/12/11 12:50:21 Client registered: user 1
2025/12/11 12:50:21 [GET] /chat/contacts
2025/12/11 12:50:21 [GET] /chat/contacts
2025/12/11 12:53:55 Client unregistered: user 1
2025/12/11 12:53:55 [GET] /ws
2025/12/11 12:53:55 [AuthCache] Verifying token with auth service: http://localhost:8081
2025/12/11 12:53:55 [AuthCache] Token verified successfully for user 1 (manos)
2025/12/11 12:53:55 Client registered: user 1
2025/12/11 12:53:55 [GET] /chat/contacts
2025/12/11 12:53:55 [GET] /chat/contacts
2025/12/11 12:54:16 Client unregistered: user 1
2025/12/11 12:54:17 [GET] /ws
2025/12/11 12:54:17 Client registered: user 1
2025/12/11 12:54:17 [GET] /chat/contacts
2025/12/11 12:54:17 [GET] /chat/contacts
2025/12/11 12:54:53 Client unregistered: user 1
2025/12/11 12:54:53 [GET] /ws
2025/12/11 12:54:53 Client registered: user 1
2025/12/11 12:54:53 [GET] /chat/contacts
2025/12/11 12:54:53 [GET] /chat/contacts
2025/12/11 12:55:01 Client unregistered: user 6
2025/12/11 12:55:01 [GET] /ws
2025/12/11 12:55:01 Client registered: user 6
2025/12/11 12:55:01 [GET] /chat/contacts
2025/12/11 12:55:01 [GET] /chat/contacts
2025/12/11 12:55:28 Client unregistered: user 6
2025/12/11 12:55:28 [GET] /ws
2025/12/11 12:55:28 [AuthCache] Verifying token with auth service: http://localhost:8081
2025/12/11 12:55:28 [AuthCache] Token verified successfully for user 6 (cm)
2025/12/11 12:55:28 Client registered: user 6
2025/12/11 12:55:28 [GET] /chat/contacts
2025/12/11 12:55:28 [GET] /chat/contacts
2025/12/11 12:56:15 Client unregistered: user 1
2025/12/11 12:56:15 [GET] /ws
2025/12/11 12:56:15 Client registered: user 1
2025/12/11 12:56:15 [GET] /chat/contacts
2025/12/11 12:56:15 [GET] /chat/contacts
2025/12/11 12:58:55 [GET] /chat/history/6
2025/12/11 12:58:55 [POST] /chat/read/6
2025/12/11 12:58:57 [GET] /chat/contacts
2025/12/11 12:58:57 [AuthCache] Verifying token with auth service: http://localhost:8081
2025/12/11 12:58:57 [AuthCache] Token verified successfully for user 1 (manos)
2025/12/11 12:59:32 [GET] /chat/history/1
2025/12/11 12:59:32 [POST] /chat/read/1
2025/12/11 12:59:34 [GET] /chat/contacts
2025/12/11 12:59:34 [POST] /chat/read/6
2025/12/11 13:00:06 Client unregistered: user 6
2025/12/11 13:00:07 [GET] /ws
2025/12/11 13:00:07 Client registered: user 6
2025/12/11 13:00:07 [GET] /chat/contacts
2025/12/11 13:00:07 [GET] /chat/contacts
2025/12/11 13:00:10 Client unregistered: user 1
2025/12/11 13:00:10 [GET] /ws
2025/12/11 13:00:10 Client registered: user 1
2025/12/11 13:00:10 [GET] /chat/contacts
2025/12/11 13:00:10 [GET] /chat/contacts
2025/12/11 13:00:32 Client unregistered: user 6
2025/12/11 13:00:33 [GET] /ws
2025/12/11 13:00:33 [AuthCache] Verifying token with auth service: http://localhost:8081
2025/12/11 13:00:33 [AuthCache] Token verified successfully for user 6 (cm)
2025/12/11 13:00:33 Client registered: user 6
2025/12/11 13:00:33 [GET] /chat/contacts
2025/12/11 13:00:33 [GET] /chat/contacts
2025/12/11 13:00:47 [GET] /chat/history/6
2025/12/11 13:00:47 [POST] /chat/read/6
2025/12/11 13:01:16 [GET] /chat/history/6
2025/12/11 13:01:17 [POST] /chat/read/6
2025/12/11 13:02:03 [GET] /ws
2025/12/11 13:02:03 Client registered: user 6
2025/12/11 13:02:03 [GET] /chat/contacts
2025/12/11 13:02:03 [GET] /chat/contacts
2025/12/11 13:02:06 Client unregistered: user 6
2025/12/11 13:02:15 [GET] /ws
2025/12/11 13:02:15 Client registered: user 6
2025/12/11 13:02:15 [GET] /chat/contacts
2025/12/11 13:02:15 [GET] /chat/contacts
2025/12/11 13:02:18 Client unregistered: user 6
2025/12/11 13:02:32 [GET] /ws
2025/12/11 13:02:32 [AuthCache] Verifying token with auth service: http://localhost:8081
2025/12/11 13:02:32 [AuthCache] Token verified successfully for user 6 (cm)
2025/12/11 13:02:32 Client registered: user 6
2025/12/11 13:02:32 [GET] /chat/contacts
2025/12/11 13:02:32 [GET] /chat/contacts
signal: interrupt
