2025/12/11 12:45:45 Starting Notification Service...
2025/12/11 12:45:45 Connected to database at /var/home/student/Downloads/WERG/social-network/social_network.db
2025/12/11 12:45:45 Auth service URL: http://localhost:8081
2025/12/11 12:45:45 Using simple auth cache with 5-minute TTL
2025/12/11 12:45:45 Notification Service starting on port :8086
2025/12/11 12:45:49 [GET] /ws
2025/12/11 12:45:49 [AuthCache] Verifying token with auth service: http://localhost:8081
2025/12/11 12:45:49 [AuthCache] Token verified successfully for user 6 (cm)
2025/12/11 12:45:49 Client registered for notifications: user 6
2025/12/11 12:45:49 [GET] /notifications/list
2025/12/11 12:45:49 [GET] /notifications/unread-count
2025/12/11 12:45:53 Client unregistered from notifications: user 6
2025/12/11 12:46:03 [GET] /ws
2025/12/11 12:46:03 [AuthCache] Verifying token with auth service: http://localhost:8081
2025/12/11 12:46:03 [AuthCache] Token verified successfully for user 1 (manos)
2025/12/11 12:46:03 Client registered for notifications: user 1
2025/12/11 12:46:03 [GET] /notifications/unread-count
2025/12/11 12:46:03 [GET] /notifications/list
2025/12/11 12:46:25 [POST] /notifications
2025/12/11 12:48:06 [POST] /notifications
2025/12/11 12:48:20 Client unregistered from notifications: user 1
2025/12/11 12:48:20 [GET] /ws
2025/12/11 12:48:20 Client registered for notifications: user 1
2025/12/11 12:48:20 [GET] /notifications/unread-count
2025/12/11 12:48:20 [GET] /notifications/list
2025/12/11 12:50:14 [GET] /ws
2025/12/11 12:50:14 [AuthCache] Verifying token with auth service: http://localhost:8081
2025/12/11 12:50:14 [AuthCache] Token verified successfully for user 6 (cm)
2025/12/11 12:50:14 Client registered for notifications: user 6
2025/12/11 12:50:14 [GET] /notifications/unread-count
2025/12/11 12:50:14 [GET] /notifications/list
2025/12/11 12:50:21 Client unregistered from notifications: user 1
2025/12/11 12:50:21 [GET] /ws
2025/12/11 12:50:21 Client registered for notifications: user 1
2025/12/11 12:50:21 [GET] /notifications/unread-count
2025/12/11 12:50:21 [GET] /notifications/list
2025/12/11 12:50:31 [POST] /notifications
2025/12/11 12:53:16 [POST] /notifications/read-all
2025/12/11 12:53:55 Client unregistered from notifications: user 1
2025/12/11 12:53:55 [GET] /ws
2025/12/11 12:53:55 [AuthCache] Verifying token with auth service: http://localhost:8081
2025/12/11 12:53:55 [AuthCache] Token verified successfully for user 1 (manos)
2025/12/11 12:53:55 Client registered for notifications: user 1
2025/12/11 12:53:55 [GET] /notifications/list
2025/12/11 12:53:55 [GET] /notifications/unread-count
2025/12/11 12:54:13 [POST] /notifications
2025/12/11 12:54:16 Client unregistered from notifications: user 1
2025/12/11 12:54:17 [GET] /ws
2025/12/11 12:54:17 Client registered for notifications: user 1
2025/12/11 12:54:17 [GET] /notifications/unread-count
2025/12/11 12:54:17 [GET] /notifications/list
2025/12/11 12:54:44 [POST] /notifications
2025/12/11 12:54:49 [POST] /notifications/read-all
2025/12/11 12:54:53 Client unregistered from notifications: user 1
2025/12/11 12:54:53 [GET] /ws
2025/12/11 12:54:53 Client registered for notifications: user 1
2025/12/11 12:54:53 [GET] /notifications/list
2025/12/11 12:54:53 [GET] /notifications/unread-count
2025/12/11 12:54:56 [POST] /notifications
2025/12/11 12:54:56 [POST] /notifications
2025/12/11 12:55:00 [POST] /notifications/read-all
2025/12/11 12:55:01 Client unregistered from notifications: user 6
2025/12/11 12:55:01 [GET] /ws
2025/12/11 12:55:01 Client registered for notifications: user 6
2025/12/11 12:55:01 [GET] /notifications/list
2025/12/11 12:55:01 [GET] /notifications/unread-count
2025/12/11 12:55:28 Client unregistered from notifications: user 6
2025/12/11 12:55:28 [GET] /ws
2025/12/11 12:55:28 [AuthCache] Verifying token with auth service: http://localhost:8081
2025/12/11 12:55:28 [AuthCache] Token verified successfully for user 6 (cm)
2025/12/11 12:55:28 Client registered for notifications: user 6
2025/12/11 12:55:28 [GET] /notifications/unread-count
2025/12/11 12:55:28 [GET] /notifications/list
2025/12/11 12:55:32 [POST] /notifications
2025/12/11 12:56:15 Client unregistered from notifications: user 1
2025/12/11 12:56:15 [GET] /ws
2025/12/11 12:56:15 Client registered for notifications: user 1
2025/12/11 12:56:15 [GET] /notifications/list
2025/12/11 12:56:15 [GET] /notifications/unread-count
2025/12/11 12:58:33 [POST] /notifications
2025/12/11 12:58:36 [POST] /notifications/read-all
2025/12/11 13:00:06 Client unregistered from notifications: user 6
2025/12/11 13:00:07 [GET] /ws
2025/12/11 13:00:07 Client registered for notifications: user 6
2025/12/11 13:00:07 [GET] /notifications/unread-count
2025/12/11 13:00:07 [GET] /notifications/list
2025/12/11 13:00:10 Client unregistered from notifications: user 1
2025/12/11 13:00:10 [GET] /ws
2025/12/11 13:00:10 [AuthCache] Verifying token with auth service: http://localhost:8081
2025/12/11 13:00:10 [AuthCache] Token verified successfully for user 1 (manos)
2025/12/11 13:00:10 Client registered for notifications: user 1
2025/12/11 13:00:10 [GET] /notifications/list
2025/12/11 13:00:10 [GET] /notifications/unread-count
2025/12/11 13:00:32 Client unregistered from notifications: user 6
2025/12/11 13:00:33 [GET] /ws
2025/12/11 13:00:33 [AuthCache] Verifying token with auth service: http://localhost:8081
2025/12/11 13:00:33 [AuthCache] Token verified successfully for user 6 (cm)
2025/12/11 13:00:33 Client registered for notifications: user 6
2025/12/11 13:00:33 [GET] /notifications/list
2025/12/11 13:00:33 [GET] /notifications/unread-count
2025/12/11 13:02:03 [GET] /ws
2025/12/11 13:02:03 Client registered for notifications: user 6
2025/12/11 13:02:03 [GET] /notifications/unread-count
2025/12/11 13:02:03 [GET] /notifications/list
2025/12/11 13:02:06 Client unregistered from notifications: user 6
2025/12/11 13:02:15 [GET] /ws
2025/12/11 13:02:15 Client registered for notifications: user 6
2025/12/11 13:02:15 [GET] /notifications/list
2025/12/11 13:02:15 [GET] /notifications/unread-count
2025/12/11 13:02:18 Client unregistered from notifications: user 6
2025/12/11 13:02:32 [GET] /ws
2025/12/11 13:02:32 [AuthCache] Verifying token with auth service: http://localhost:8081
2025/12/11 13:02:32 [AuthCache] Token verified successfully for user 6 (cm)
2025/12/11 13:02:32 Client registered for notifications: user 6
2025/12/11 13:02:32 [GET] /notifications/list
2025/12/11 13:02:32 [GET] /notifications/unread-count
signal: interrupt
