2025/12/11 12:45:44 Connected to database: /var/home/student/Downloads/WERG/social-network/social_network.db
2025/12/11 12:45:44 Using simple auth cache with 5-minute TTL
2025/12/11 12:45:44 Post Service starting on port :8083
2025/12/11 12:45:49 [AuthCache] Verifying token with auth service: http://localhost:8081
2025/12/11 12:45:49 [AuthCache] Token verified successfully for user 6 (cm)
2025/12/11 12:45:49 POST SERVICE: GET /posts/feed 200 6.971551ms
2025/12/11 12:45:49 POST SERVICE: GET /uploads/posts/6_1765449686.gif 304 66.837µs
2025/12/11 12:46:04 [AuthCache] Verifying token with auth service: http://localhost:8081
2025/12/11 12:46:04 [AuthCache] Token verified successfully for user 1 (manos)
2025/12/11 12:46:04 POST SERVICE: GET /posts/feed 200 2.897268ms
2025/12/11 12:46:04 POST SERVICE: GET /uploads/posts/6_1765449686.gif 200 385.869µs
2025/12/11 12:46:11 POST SERVICE: GET /posts/feed 200 466.864µs
2025/12/11 12:46:16 POST SERVICE: GET /posts/feed 200 1.727205ms
2025/12/11 12:46:22 POST SERVICE: GET /posts/9 200 332.493µs
2025/12/11 12:46:22 POST SERVICE: GET /comments 200 590.539µs
2025/12/11 12:46:25 [Notify] Created notification: type=comment, user=6
2025/12/11 12:46:25 POST SERVICE: POST /comments 200 32.408556ms
2025/12/11 12:46:25 POST SERVICE: GET /comments 200 311.824µs
2025/12/11 12:46:28 POST SERVICE: PUT /comments/10 404 10.152µs
2025/12/11 12:46:32 POST SERVICE: DELETE /comments/10 404 10.754µs
2025/12/11 12:46:38 POST SERVICE: GET /posts/feed 200 412.23µs
2025/12/11 12:47:45 POST SERVICE: GET /posts/group/1 200 212.934µs
2025/12/11 12:47:45 POST SERVICE: GET /uploads/posts/6_1764170667.jpeg 200 273.776µs
2025/12/11 12:48:20 POST SERVICE: GET /posts/group/1 200 240.288µs
2025/12/11 12:49:58 POST SERVICE: GET /posts/feed 200 610.062µs
2025/12/11 12:49:58 POST SERVICE: GET /uploads/posts/6_1765449686.gif 304 75.651µs
2025/12/11 12:50:02 POST SERVICE: GET /posts/feed 200 606.707µs
2025/12/11 12:50:14 [AuthCache] Verifying token with auth service: http://localhost:8081
2025/12/11 12:50:14 [AuthCache] Token verified successfully for user 6 (cm)
2025/12/11 12:50:14 POST SERVICE: GET /posts/feed 200 3.075783ms
2025/12/11 12:50:14 POST SERVICE: GET /uploads/posts/6_1765449686.gif 200 514.509µs
2025/12/11 12:50:16 POST SERVICE: GET /posts/group/1 200 382.622µs
2025/12/11 12:50:16 POST SERVICE: GET /uploads/posts/6_1764170667.jpeg 200 262.13µs
2025/12/11 12:50:18 POST SERVICE: GET /posts/feed 200 1.648305ms
2025/12/11 12:50:21 POST SERVICE: GET /posts/feed 200 434.718µs
2025/12/11 12:50:24 POST SERVICE: GET /posts/group/1 200 273.553µs
2025/12/11 12:50:50 POST SERVICE: GET /posts/feed 200 721.659µs
2025/12/11 12:53:31 POST SERVICE: GET /posts/feed 200 398.949µs
2025/12/11 12:53:32 POST SERVICE: GET /posts/group/1 200 409.108µs
2025/12/11 12:53:55 [AuthCache] Verifying token with auth service: http://localhost:8081
2025/12/11 12:53:55 [AuthCache] Token verified successfully for user 1 (manos)
2025/12/11 12:53:55 POST SERVICE: GET /posts/group/1 200 2.312665ms
2025/12/11 12:53:55 POST SERVICE: GET /uploads/posts/6_1764170667.jpeg 304 99.496µs
2025/12/11 12:54:17 POST SERVICE: GET /posts/group/1 200 236.356µs
2025/12/11 12:54:42 POST SERVICE: GET /posts/feed 200 430.285µs
2025/12/11 12:54:54 POST SERVICE: GET /posts/group/1 200 230.545µs
2025/12/11 12:55:02 POST SERVICE: GET /posts/group/1 200 270.581µs
2025/12/11 12:55:23 POST SERVICE: POST /posts 200 5.848557ms
2025/12/11 12:55:23 POST SERVICE: GET /posts/group/1 200 403.868µs
2025/12/11 12:55:28 [AuthCache] Verifying token with auth service: http://localhost:8081
2025/12/11 12:55:28 [AuthCache] Token verified successfully for user 6 (cm)
2025/12/11 12:55:28 POST SERVICE: GET /posts/group/1 200 2.067709ms
2025/12/11 12:55:29 POST SERVICE: GET /posts/15 200 264.171µs
2025/12/11 12:55:29 POST SERVICE: GET /comments 200 453.59µs
2025/12/11 12:55:32 [Notify] Created notification: type=comment, user=1
2025/12/11 12:55:32 POST SERVICE: POST /comments 200 31.270636ms
2025/12/11 12:55:32 POST SERVICE: GET /comments 200 488.408µs
2025/12/11 12:55:35 POST SERVICE: PUT /comments/11 404 9.244µs
2025/12/11 12:55:39 POST SERVICE: GET /posts/feed 200 387.788µs
2025/12/11 12:55:39 POST SERVICE: GET /uploads/posts/6_1765449686.gif 200 439.06µs
2025/12/11 12:56:15 POST SERVICE: GET /posts/group/1 200 1.023315ms
2025/12/11 12:58:30 POST SERVICE: GET /posts/group/1 200 207.803µs
2025/12/11 12:58:30 POST SERVICE: GET /uploads/posts/6_1764170667.jpeg 304 76.847µs
2025/12/11 12:58:53 POST SERVICE: GET /posts/feed 200 513.451µs
2025/12/11 12:58:53 POST SERVICE: GET /uploads/posts/6_1765449686.gif 304 61.686µs
2025/12/11 13:00:04 POST SERVICE: GET /posts/feed 200 688.994µs
2025/12/11 13:00:07 POST SERVICE: GET /posts/feed 200 451.6µs
2025/12/11 13:00:07 POST SERVICE: GET /uploads/posts/6_1765449686.gif 200 427.679µs
2025/12/11 13:00:10 [AuthCache] Verifying token with auth service: http://localhost:8081
2025/12/11 13:00:10 [AuthCache] Token verified successfully for user 1 (manos)
2025/12/11 13:00:10 POST SERVICE: GET /posts/feed 200 2.106961ms
2025/12/11 13:00:14 POST SERVICE: GET /posts/feed 200 404.548µs
2025/12/11 13:00:14 POST SERVICE: GET /posts/feed 200 468.671µs
2025/12/11 13:00:33 [AuthCache] Verifying token with auth service: http://localhost:8081
2025/12/11 13:00:33 [AuthCache] Token verified successfully for user 6 (cm)
2025/12/11 13:00:33 POST SERVICE: GET /posts/feed 200 1.218553ms
2025/12/11 13:00:33 POST SERVICE: GET /uploads/posts/6_1765449686.gif 200 510.757µs
2025/12/11 13:02:03 POST SERVICE: GET /posts/feed 200 472.266µs
2025/12/11 13:02:15 POST SERVICE: GET /posts/feed 200 566.269µs
2025/12/11 13:02:33 [AuthCache] Verifying token with auth service: http://localhost:8081
2025/12/11 13:02:33 [AuthCache] Token verified successfully for user 6 (cm)
2025/12/11 13:02:33 POST SERVICE: GET /posts/feed 200 2.557005ms
2025/12/11 13:02:33 POST SERVICE: GET /uploads/posts/6_1765449686.gif 304 93.823µs
signal: interrupt
